[38;2;46;213;218m                   ◉  final echo received  ◉[0m
[38;2;27;151;192m~~~~~~~~~~~~~~~~~~~~~~~~~~~~~~~~~~~~~~~~~~~~~~~~~~~~~~~~~~~~~~~~~~~~~~~~[0m
[38;2;34;197;202m                         [1mQ U I E T   W A T E R S[0m
[38;2;30;162;188m              ___/___                         ·[0m
[38;2;25;129;177m         ____/_______\____                   ·[0m
[38;2;20;104;161m         \_______________/                 ○[0m
[38;2;16;82;142m          \_____◉_______/                 ·[0m
[38;2;12;65;123m             /     \                  ·[0m
[38;2;9;50;102m            /       \            ·[0m
[38;2;53;226;205m               Your signal returns to the deep.[0m
[38;2;39;177;179m                    Surface again soon.[0m
[38;2;8;38;78m~~~~~~~~~~~~~~~~~~~~~~~~~~~~~~~~~~~~~~~~~~~~~~~~~~~~~~~~~~~~~~~~~~~~~~~~[0m
