[38;2;255;202;116m                 ╭───── [1mLAST LIGHT EXPRESS[0m[38;2;255;202;116m ─────╮[0m
[38;2;255;159;117m         ·       │   final packet aboard     │       ·[0m
[38;2;255;108;148m     ✦           ╰──────────┬───────────────╯           ✦[0m
[38;2;197;87;190m                               │[0m
[38;2;136;87;206m        ____        ___________│__________________[0m
[38;2;95;101;203m    ___/|_||_\____/  ◇  N E T B B S  ◇  /|_||_\___[0m
[38;2;65;115;184m   |___          _|_____________________|_          ___|[0m
[38;2;47;91;151m      O──────────O                         O────────O[0m
[38;2;37;68;121m───────────────╲_______________________________╱───────────────[0m
[38;2;255;181;112m          One warm window crosses the midnight mesh.[0m
[38;2;194;135;151m                    Until the next call.[0m
[38;2;43;43;88m              ·             ✦             ·[0m
