[38;2;255;51;187m╭──────────────────────────────────────────────────────────────────────╮[0m
[38;2;255;76;164m│                 [1mN E O N   C A R R I E R   D O W N[0m[38;2;255;76;164m                │[0m
[38;2;255;114;116m│                              ▄████▄                                  │[0m
[38;2;255;165;72m│                         ▄████████████▄                               │[0m
[38;2;255;211;82m│────────────────────────▀▀▀▀▀▀▀▀▀▀▀▀▀▀───────────────────────────────│[0m
[38;2;254;88;164m│     ╲      ╲       ╲          LAST PACKET          ╱       ╱         │[0m
[38;2;199;70;220m│      ╲      ╲       ╲            ◇               ╱       ╱          │[0m
[38;2;133;74;230m│       ╲______╲_______╲___________ · _____________╱_______╱           │[0m
[38;2;76;141;238m│                          carrier: 0 baud                             │[0m
[38;2;58;211;240m│              The horizon remembers every signal.                    │[0m
[38;2;73;236;244m│                    U N T I L   N E X T   C A L L                     │[0m
[38;2;78;123;201m╰──────────────────────────────────────────────────────────────────────╯[0m
