[1m[38;5;75m[48;5;18m████████████████████████████████████████████████████████████████████████████████[0m
[1m[38;5;75m[48;5;18m█[0m[48;5;18m                   [0m[1m[38;5;75m[48;5;18m**** COMMODORE 64 NETBBS MAIN MENU ****[0m[48;5;18m                    [0m[1m[38;5;75m[48;5;18m█[0m
[1m[38;5;75m[48;5;18m█[0m[48;5;18m           [0m[1m[38;5;117m[48;5;18m[ 1: BOARDS ]   [ 2: CHAT ]   [ 3: FILES ]   [ 4: MAIL ][0m[48;5;18m           [0m[1m[38;5;75m[48;5;18m█[0m
[1m[38;5;75m[48;5;18m█[0m[1m[38;5;255m[48;5;18mREADY. █[0m[48;5;18m                                                                      [0m[1m[38;5;75m[48;5;18m█[0m
[1m[38;5;75m[48;5;18m████████████████████████████████████████████████████████████████████████████████[0m
[0m