[1m[38;5;147m┌──────────────────────────[0m[1m[38;5;183m─────────────────────────────────────────[0m[1m[38;5;182m───[0m[1m[38;5;218m────────┐[0m
[38;5;183m│[0m      [1m[38;5;225m♥  N E T B B S   C A T P P U C C I N   M O C H A   H E A D E R  ♥[0m       [38;5;141m│[0m
[38;5;183m│[0m[1m[38;5;147m░▒▓███████████████[0m[1m[38;5;183m███████████████████████████[0m[1m[38;5;182m█[0m[1m[38;5;218m██████████[0m[1m[38;5;182m█[0m[1m[38;5;183m██████████████[0m[1m[38;5;147m████▓▒░[0m[38;5;141m│[0m
[38;5;183m│[0m          [1m[38;5;183m[48;5;236m [ ♦ BOARDS ] [0m  [1m[38;5;141m[48;5;236m [ ♦ CHAT ] [0m  [1m[38;5;75m[48;5;236m [ ♦ FILES ] [0m  [1m[38;5;115m[48;5;236m [ ♦ MAIL ] [0m           [38;5;141m│[0m
[1m[38;5;147m└──────────────────────────[0m[1m[38;5;183m─────────────────────────────────────────[0m[1m[38;5;182m───[0m[1m[38;5;218m────────┘[0m
[0m