[0;36m╔══════════════════════════════════════════════════════════════════════════════╗[0m
[0;36m║ [0;1;37m{node 40}                                                            [0;1;30m{time 5}[0;36m║[0m
[0;36m╠══════════════════════════════════════════════════════════════════════════════╣[0m
[0;36m║ [0;37m{menu 74x7}                                                                 [0;36m ║[0m
[0;36m║ [0;37m                                                                            [0;36m ║[0m
[0;36m║ [0;37m                                                                            [0;36m ║[0m
[0;36m║ [0;37m                                                                            [0;36m ║[0m
[0;36m║ [0;37m                                                                            [0;36m ║[0m
[0;36m║ [0;37m                                                                            [0;36m ║[0m
[0;36m║ [0;37m                                                                            [0;36m ║[0m
[0;36m╠══════════════════════════════════════════════════════════════════════════════╣[0m
[0;36m║ [0;33mSigned in as {user 16}         mail {mail 4}     online {online 4}           [0;36m║[0m
[0;36m╚══════════════════════════════════════════════════════════════════════════════╝[0m
[0m  [0;1;37m{prompt}                                                                      [0m
