[1m[38;5;37m┌──────────────────────────────────────────────────────────────────────────────┐[0m
[38;5;37m│[0m[1m[38;5;136m  ☼ NETBBS[0m[38;5;245m // SOLARIZED TECHNICAL[0m                   [1m[38;5;64m[ IEEE-802.MESH ONLINE ]  [0m[38;5;37m│[0m
[38;5;37m│[0m              [1m[38;5;37m☼ Boards[0m[38;5;245m ── [0m[1m[38;5;33m☼ Chat[0m[38;5;245m ── [0m[1m[38;5;64m☼ Files[0m[38;5;245m ── [0m[1m[38;5;136m☼ Mail[0m[38;5;245m ── [0m[1m[38;5;37m☼ SysOp[0m              [38;5;37m│[0m
[1m[38;5;37m└──────────────────────────────────────────────────────────────────────────────┘[0m
[0m