[2J[H[0m
[1m[38;5;75m[48;5;18m████████████████████████████████████████████████████████████████████████████████[0m
[1m[38;5;75m[48;5;18m█[0m[48;5;18m                  [0m[1m[38;5;75m[48;5;18m**** COMMODORE 64 NETBBS SYSTEM V5.2 ****[0m[48;5;18m                   [0m[1m[38;5;75m[48;5;18m█[0m
[1m[38;5;75m[48;5;18m█[0m[48;5;18m                                                                              [0m[1m[38;5;75m[48;5;18m█[0m
[1m[38;5;75m[48;5;18m█[0m[48;5;18m                       [0m[1m[38;5;75m[48;5;18m64K RAM SYSTEM  38911 BYTES FREE[0m[48;5;18m                       [0m[1m[38;5;75m[48;5;18m█[0m
[1m[38;5;75m[48;5;18m█[0m[48;5;18m                                                                              [0m[1m[38;5;75m[48;5;18m█[0m
[1m[38;5;75m[48;5;18m█[0m[48;5;18m                         [0m[1m[38;5;117m[48;5;18m █▀▀▄ █▀▀ ▀█▀ █▀▀▄ █▀▀▄ █▀▀ [0m[48;5;18m                         [0m[1m[38;5;75m[48;5;18m█[0m
[1m[38;5;75m[48;5;18m█[0m[48;5;18m                         [0m[1m[38;5;117m[48;5;18m █  █ █▀▀  █  █▀▀▄ █▀▀▄ ▀▀█ [0m[48;5;18m                         [0m[1m[38;5;75m[48;5;18m█[0m
[1m[38;5;75m[48;5;18m█[0m[48;5;18m                         [0m[1m[38;5;117m[48;5;18m ▀  ▀ ▀▀▀  ▀  ▀▀▀  ▀▀▀  ▀▀▀ [0m[48;5;18m                         [0m[1m[38;5;75m[48;5;18m█[0m
[1m[38;5;75m[48;5;18m█[0m[48;5;18m                                                                              [0m[1m[38;5;75m[48;5;18m█[0m
[1m[38;5;75m[48;5;18m█[0m[1m[38;5;75m[48;5;18mREADY.[0m[48;5;18m                                                                        [0m[1m[38;5;75m[48;5;18m█[0m
[1m[38;5;75m[48;5;18m█[0m[1m[38;5;255m[48;5;18mLOAD "NETBBS.PRG",8,1[0m[48;5;18m                                                         [0m[1m[38;5;75m[48;5;18m█[0m
[1m[38;5;75m[48;5;18m█[0m[38;5;75m[48;5;18mSEARCHING FOR NETBBS.PRG[0m[48;5;18m                                                      [0m[1m[38;5;75m[48;5;18m█[0m
[1m[38;5;75m[48;5;18m█[0m[38;5;75m[48;5;18mLOADING[0m[48;5;18m                                                                       [0m[1m[38;5;75m[48;5;18m█[0m
[1m[38;5;75m[48;5;18m█[0m[1m[38;5;75m[48;5;18mREADY.[0m[48;5;18m                                                                        [0m[1m[38;5;75m[48;5;18m█[0m
[1m[38;5;75m[48;5;18m█[0m[1m[38;5;255m[48;5;18mRUN[0m[48;5;18m                                                                           [0m[1m[38;5;75m[48;5;18m█[0m
[1m[38;5;75m[48;5;18m█[0m[48;5;18m                                                                              [0m[1m[38;5;75m[48;5;18m█[0m
[1m[38;5;75m[48;5;18m█[0m[48;5;18m                 [0m[1m[38;5;117m[48;5;18m[ BOARDS ]   [ CHAT ]   [ FILES ]   [ MAIL ][0m[48;5;18m                 [0m[1m[38;5;75m[48;5;18m█[0m
[1m[38;5;75m[48;5;18m█[0m[48;5;18m                                                                              [0m[1m[38;5;75m[48;5;18m█[0m
[1m[38;5;75m[48;5;18m█[0m[48;5;18m                           [0m[1m[38;5;255m[48;5;18mPRESS ANY KEY TO CONNECT[0m[48;5;18m                           [0m[1m[38;5;75m[48;5;18m█[0m
[1m[38;5;75m[48;5;18m████████████████████████████████████████████████████████████████████████████████[0m
[0m