[38;2;255;76;160m╔════════════╦═══════════════ [1mN E T B B S[0m[38;2;255;76;160m ═══════════════╦════════════╗[0m
[38;2;212;82;218m║      ╱╲    ║          CATHEDRAL OF SIGNALS           ║    ╱╲      ║[0m
[38;2;151;92;241m║  ╱╲ ╱  ╲   ║       every caller lights a pane        ║   ╱  ╲ ╱╲  ║[0m
[38;2;101;117;247m╠════╬════╬═══╩═════════════════════════════════════════╩═══╬════╬════╣[0m
[38;2;74;168;248m║    ║    ║                 ·       ·       ·               ║    ║    ║[0m
[38;2;62;219;230m║    ║    ║             ╭───────╮ ╭───────╮                ║    ║    ║[0m
[38;2;75;245;190m║    ║    ║          ╭──┤   ◇   ├─┤   ◇   ├──╮             ║    ║    ║[0m
[38;2;160;249;137m║    ║    ║        ╭─┤  ╰───┬───╯ ╰───┬───╯  ├─╮           ║    ║    ║[0m
[38;2;255;226;103m║    ║    ║        │ ◇  ╭───┴─── [1m✦[0m[38;2;255;226;103m ───┴───╮  ◇ │           ║    ║    ║[0m
[38;2;255;169;86m║    ║    ║        ╰─┤  │  PACKET ROSE  │  ├─╯           ║    ║    ║[0m
[38;2;255;105;112m║    ║    ║          ╰──┤ ◇  ◇  ◇  ◇  ◇ ├──╯             ║    ║    ║[0m
[38;2;239;77;155m║    ║    ║             ╰──────┬───────╯                 ║    ║    ║[0m
[38;2;177;76;211m╠════╩════╩════════════════════╧═════════════════════════╩════╩════╣[0m
[38;2;106;105;225m║       BOARDS  ◇  LIVE CHAT  ◇  FILE VAULT  ◇  MAIL  ◇  LINK         ║[0m
[38;2;69;166;229m║               THE GATE IS OPEN · THE MESH IS LISTENING               ║[0m
[38;2;54;105;184m╚══════════════════════════════════════════════════════════════════════╝[0m
