[2J[H[0m
[1m[38;5;255m[48;5;20m+------------------------------------------------------------------------------+[0m
[1m[38;5;255m[48;5;20m|[0m[48;5;20m               [0m[1m[38;5;220m[48;5;20m* * *  W E L C O M E   T O   N E T B B S  * * *[0m[48;5;20m                [0m[1m[38;5;255m[48;5;20m|[0m
[1m[38;5;255m[48;5;20m|[0m[48;5;20m                                                                              [0m[1m[38;5;255m[48;5;20m|[0m
[1m[38;5;255m[48;5;20m|[0m[48;5;20m                      [0m[1m[38;5;51m[48;5;20m _   _      _   ____  ____  ____  [0m[48;5;20m                      [0m[1m[38;5;255m[48;5;20m|[0m
[1m[38;5;255m[48;5;20m|[0m[48;5;20m                      [0m[1m[38;5;51m[48;5;20m| \ | | ___| |_| __ )| __ )/ ___| [0m[48;5;20m                      [0m[1m[38;5;255m[48;5;20m|[0m
[1m[38;5;255m[48;5;20m|[0m[48;5;20m                      [0m[1m[38;5;51m[48;5;20m|  \| |/ _ \ __|  _ \|  _ \\___ \ [0m[48;5;20m                      [0m[1m[38;5;255m[48;5;20m|[0m
[1m[38;5;255m[48;5;20m|[0m[48;5;20m                      [0m[1m[38;5;51m[48;5;20m| |\  |  __/ |_| |_) | |_) |___) |[0m[48;5;20m                      [0m[1m[38;5;255m[48;5;20m|[0m
[1m[38;5;255m[48;5;20m|[0m[48;5;20m                      [0m[1m[38;5;51m[48;5;20m|_| \_|\___|\__|____/|____/|____/ [0m[48;5;20m                      [0m[1m[38;5;255m[48;5;20m|[0m
[1m[38;5;255m[48;5;20m|[0m[48;5;20m                                                                              [0m[1m[38;5;255m[48;5;20m|[0m
[1m[38;5;255m[48;5;20m+------------------------------------------------------------------------------+[0m
[1m[38;5;255m[48;5;20m|[0m  [1m[38;5;220m[48;5;20mSystem : [0m[38;5;255m[48;5;20mClassic NetBBS Node[0m[48;5;20m                                                [0m[1m[38;5;255m[48;5;20m|[0m
[1m[38;5;255m[48;5;20m|[0m  [1m[38;5;220m[48;5;20mSysOp  : [0m[38;5;255m[48;5;20mSysOp Name[0m[48;5;20m                                                         [0m[1m[38;5;255m[48;5;20m|[0m
[1m[38;5;255m[48;5;20m|[0m  [1m[38;5;51m[48;5;20mStatus : [0m[1m[38;5;201m[48;5;20mOnline / 2400-115200 Baud Ready[0m[48;5;20m                                    [0m[1m[38;5;255m[48;5;20m|[0m
[1m[38;5;255m[48;5;20m|[0m[48;5;20m                                                                              [0m[1m[38;5;255m[48;5;20m|[0m
[1m[38;5;255m[48;5;20m|[0m[48;5;20m                 [0m[1m[38;5;220m[48;5;20m[ BOARDS ]   [ CHAT ]   [ FILES ]   [ MAIL ][0m[48;5;20m                 [0m[1m[38;5;255m[48;5;20m|[0m
[1m[38;5;255m[48;5;20m|[0m[48;5;20m                                                                              [0m[1m[38;5;255m[48;5;20m|[0m
[1m[38;5;255m[48;5;20m|[0m[48;5;20m                 [0m[1m[38;5;255m[48;5;20m>>>  PRESS ANY KEY TO ENTER THE SYSTEM  <<<[0m[48;5;20m                  [0m[1m[38;5;255m[48;5;20m|[0m
[1m[38;5;255m[48;5;20m+------------------------------------------------------------------------------+[0m
[0m