[2J[H[0m
[1m[38;5;196m▓▓▓▓▓▓▓▓▓▓▓▓▓▓▓▓▓▓▓▓▓▓▓▓▓▓▓[0m[1m[38;5;220m▒▒▒▒▒▒▒▒▒▒▒▒▒▒▒▒▒▒▒▒▒▒▒▒▒▒[0m[1m[38;5;196m▓▓▓▓▓▓▓▓▓▓▓▓▓▓▓▓▓▓▓▓▓▓▓▓▓▓▓[0m
[1m[38;5;196m╔══════════════════════════════════════════════════════════════════════════════╗[0m
[1m[38;5;196m║[0m                                 [1m[38;5;255mN E T B B S[0m                                  [1m[38;5;196m║[0m
[1m[38;5;196m║[0m                                                                              [1m[38;5;196m║[0m
[1m[38;5;196m║[0m      [1m[38;5;51mA modern, terminal-native BBS - mesh-networked, not stuck in 1994.[0m      [1m[38;5;196m║[0m
[1m[38;5;196m║[0m                                                                              [1m[38;5;196m║[0m
[1m[38;5;196m╠══════════════════════════════════════════════════════════════════════════════╣[0m
[1m[38;5;196m║[0m   [1m[38;5;220mNode[0m: Your NetBBS node here                                                [1m[38;5;196m║[0m
[1m[38;5;196m║[0m   [1m[38;5;220mSysOp[0m: Your name here                                                      [1m[38;5;196m║[0m
[1m[38;5;196m║[0m                                                                              [1m[38;5;196m║[0m
[1m[38;5;196m║[0m[38;5;250m  * Boards   * Real-time chat   * File areas   * Private mail[0m                 [1m[38;5;196m║[0m
[1m[38;5;196m║[0m                                                                              [1m[38;5;196m║[0m
[1m[38;5;196m║[0m                          [1m[38;5;220mPress a key to connect...[0m                           [1m[38;5;196m║[0m
[1m[38;5;196m╚══════════════════════════════════════════════════════════════════════════════╝[0m
[1m[38;5;196m▓▓▓▓▓▓▓▓▓▓▓▓▓▓▓▓▓▓▓▓▓▓▓▓▓▓▓[0m[1m[38;5;220m▒▒▒▒▒▒▒▒▒▒▒▒▒▒▒▒▒▒▒▒▒▒▒▒▒▒[0m[1m[38;5;196m▓▓▓▓▓▓▓▓▓▓▓▓▓▓▓▓▓▓▓▓▓▓▓▓▓▓▓[0m
[0m