[0m

[38;5;108m  _,-~-,__,-~-,__,-~-,__,-~-,__,-~-,__,-~-,__,-~-,__,-~-,__,-~-,__,-~-,__,-~-,[0m
[38;5;151m   (  o  )  (  o  )  (  o  )  (  o  )  (  o  )  (  o  )  (  o  )  (  o  )[0m

[1m[38;5;65m                W E L C O M E   T H R O U G H   T H E   G A T E                 [0m
[38;5;250m                  a small club that grows a little every week                   [0m

[38;5;250m              Leave a note on the boards, bring a friend to chat,               [0m
[38;5;250m            and take a cutting from the file shelf on your way out.             [0m

[38;5;151m   (  o  )  (  o  )  (  o  )  (  o  )  (  o  )  (  o  )  (  o  )  (  o  )[0m
[38;5;108m  _,-~-,__,-~-,__,-~-,__,-~-,__,-~-,__,-~-,__,-~-,__,-~-,__,-~-,__,-~-,__,-~-,[0m
[0m