[2J[H[0m
[1m[38;5;22m┌───[0m[1m[38;5;28m───────────[0m[1m[38;5;34m──────────[0m[1m[38;5;40m──────────[0m[1m[38;5;46m──────────[0m[1m[38;5;40m──────────[0m[1m[38;5;34m──────────[0m[1m[38;5;28m───────────[0m[1m[38;5;22m───┐[0m
[38;5;34m│[0m[38;5;34m ⬡ // SYSTEM IDENTIFICATION : [0m[1m[38;5;46mNETBBS-NODE-01[0m         [1m[38;5;82m[ 100GbE / MESH ONLINE ] [0m[38;5;34m│[0m
[1m[38;5;28m├──[0m[1m[38;5;34m───────────────[0m[1m[38;5;40m─[0m[1m[38;5;41m──────────────[0m[1m[38;5;47m──────────────[0m[1m[38;5;41m──────────────[0m[1m[38;5;40m─[0m[1m[38;5;34m───────────────[0m[1m[38;5;28m──┤[0m
[38;5;34m│[0m[1m[38;5;47m  ▐█▀▀▄ ▐█▀▀▀ ▐████[0m[1m[38;5;83m ▐█▀▀█▄ [0m[1m[38;5;84m▐█▀▀█▄ ▐█▀▀▀▀█[0m   [1m[38;5;34m ⬢ [CIPHER]  ChaCha20-Poly1305[0m    [38;5;34m│[0m
[38;5;34m│[0m[1m[38;5;47m  ▐█  █ ▐█▀▀▀   ██ [0m[1m[38;5;83m ▐█▀▀▄▄ [0m[1m[38;5;84m▐█▀▀▄▄  ▀▀▀▀█▄[0m   [1m[38;5;34m ⬢ [ROUTING] Mesh Ad-Hoc Sync [0m    [38;5;34m│[0m
[38;5;34m│[0m[1m[38;5;47m  ▐█  █ ▐█▄▄▄   ██ [0m[1m[38;5;83m ▐█▄▄█▀ [0m[1m[38;5;84m▐█▄▄█▀ ▐█▄▄▄▄█[0m   [1m[38;5;34m ⬢ [STATUS]  Ready For Session[0m    [38;5;34m│[0m
[38;5;34m├───────────────────────────────────────┬──────────────────────────────────────┤[0m
[38;5;34m│[0m[38;5;34m ◈ HOST ID   : [0m[1m[38;5;255mnetbbs.matrix.mesh[0m      │[38;5;34m ◈ SYSOP     : [0m[1m[38;5;255mRoot Overseer[0m          [38;5;34m│[0m
[38;5;34m│[0m[38;5;34m ◈ PROTOCOL  : [0m[1m[38;5;82mNetBBS Link v3.1[0m        │[38;5;34m ◈ TIMEZONE  : [0m[38;5;255mUTC / POSIX[0m            [38;5;34m│[0m
[38;5;34m├───────────────────────────────────────┴──────────────────────────────────────┤[0m
[38;5;34m│[0m              [38;5;34m MESH SIGNAL : [0m[1m[38;5;46m▰▰▰▰▰▰▰▰▰▰▰▰▰▰▰▰▰▰▱▱[0m[38;5;82m [90% OPTIMAL][0m               [38;5;34m│[0m
[38;5;34m│[0m   [1m[38;5;46m › [1] BOARDS [0m [1m[38;5;82m› [2] REALTIME CHAT [0m [1m[38;5;46m› [3] FILE ARCHIVE [0m [1m[38;5;82m› [4] MESH MAIL [0m   [38;5;34m│[0m
[38;5;34m│[0m[38;5;22m▓▒░▓▒░▓▒░▓▒░[0m[38;5;28m▓▒░▓▒░▓▒░▓▒░▓[0m[38;5;34m▒░▓▒░▓▒░▓▒░▓[0m[38;5;35m▒[0m[38;5;41m░▓[0m[38;5;35m▒[0m[38;5;34m░▓▒░▓▒░▓▒░▓▒[0m[38;5;28m░▓▒░▓▒░▓▒░▓▒░[0m[38;5;22m▓▒░▓▒░▓▒░▓▒░[0m[38;5;34m│[0m
[38;5;34m│[0m               [1m[38;5;255m[48;5;28m>>>  PRESS ANY KEY TO INITIALIZE HANDSHAKE  <<<[0m                [38;5;34m│[0m
[1m[38;5;22m└───[0m[1m[38;5;28m───────────[0m[1m[38;5;34m──────────[0m[1m[38;5;40m──────────[0m[1m[38;5;46m──────────[0m[1m[38;5;40m──────────[0m[1m[38;5;34m──────────[0m[1m[38;5;28m───────────[0m[1m[38;5;22m───┘[0m
[0m