[2J[H[0m
[1m[38;5;37m┌──────────────────────────────────────────────────────────────────────────────┐[0m
[38;5;37m│[0m          [1m[38;5;136m☼  N E T B B S   S O L A R I Z E D   D A R K   N O D E  ☼[0m           [38;5;37m│[0m
[38;5;37m│[0m         [38;5;244mPrecision Engineering Standard • Deterministic State Machine[0m         [38;5;37m│[0m
[38;5;37m├──────────────────────────────────────────────────────────────────────────────┤[0m
[38;5;37m│[0m  [1m[38;5;37m  _   _ _____ _____ ____  ____ ____  [0m  [1m[38;5;136m[48;5;235m [SOLARIZED-SPEC: IEEE] [0m             [38;5;37m│[0m
[38;5;37m│[0m  [1m[38;5;37m | \ | | ____|_   _| __ )| __ ) ___| [0m  [1m[38;5;136m[48;5;235m [STATE: DETERMINISTIC] [0m             [38;5;37m│[0m
[38;5;37m│[0m  [1m[38;5;37m |  \| |  _|   | | |  _ \|  _ \___ \ [0m  [1m[38;5;136m[48;5;235m [ROUTING: DISTRIBUTED] [0m             [38;5;37m│[0m
[38;5;37m│[0m  [1m[38;5;37m |_| \_|_____|  |_| |____/|____/|____/ [0m  [1m[38;5;136m[48;5;235m [SECURITY: VERIFIED  ] [0m           [38;5;37m│[0m
[38;5;37m├───────────────────────────────────────┬──────────────────────────────────────┤[0m
[38;5;37m│[0m[1m[38;5;136m ☼ SYSTEM : [0m[38;5;245mSolarized Precision[0m        │[1m[38;5;136m☼ SYSOP  : [0m[38;5;245mEthan / Admin[0m              [38;5;37m│[0m
[38;5;37m│[0m[1m[38;5;64m ☼ LINK   : [0m[1m[38;5;64m99.999% CARRIER OK[0m         │[1m[38;5;33m☼ CIPHER : [0m[38;5;245mEd25519 Strict[0m             [38;5;37m│[0m
[38;5;37m├───────────────────────────────────────┴──────────────────────────────────────┤[0m
[38;5;37m│[0m        [1m[38;5;37m[48;5;235m [ 1: BOARDS ] [0m  [1m[38;5;33m[48;5;235m [ 2: CHAT ] [0m  [1m[38;5;64m[48;5;235m [ 3: VAULT ] [0m  [1m[38;5;166m[48;5;235m [ 4: MAIL ] [0m         [38;5;37m│[0m
[38;5;37m│[0m[38;5;37m──────────────────────────────────────────────────────────────────────────────[0m[38;5;37m│[0m
[38;5;37m│[0m         [1m[38;5;136m-  P R E S S   A N Y   K E Y   T O   I N I T I A L I Z E  -[0m          [38;5;37m│[0m
[1m[38;5;37m└──────────────────────────────────────────────────────────────────────────────┘[0m
[0m