[38;2;207;253;255m                              ◇[0m
[38;2;164;245;255m                         ╱╲   │   ╱╲[0m
[38;2;117;231;255m                     ◇──╱──╲──┼──╱──╲──◇[0m
[38;2;79;209;248m                       ╱╲   ╲ │ ╱   ╱╲[0m
[38;2;58;181;233m                  ════╪═══ [1mIDENTITY[0m[38;2;58;181;233m ═══╪════[0m
[38;2;62;216;240m                       ╲╱   ╱ │ ╲   ╲╱[0m
[38;2;102;237;229m                     ◇──╲──╱──┼──╲──╱──◇[0m
[38;2;151;249;210m                         ╲╱   │   ╲╱[0m
[38;2;202;255;192m                              ◇[0m
[38;2;128;235;220m                    [1mC R Y S T A L   A C T I V E[0m
[38;2;76;184;207m                 profile sealed · carrier verified[0m
[38;2;46;125;178m                    Welcome to the polar mesh.[0m
