[38;5;22mnetbbs/provision> [38;5;46mbegin transaction[0m
[38;5;28m[01/06] allocate user record ........................ [38;5;118mOK[0m
[38;5;34m[02/06] bind callsign ............................... [38;5;118mOK[0m
[38;5;40m[03/06] derive credential verifier .................. [38;5;118mOK[0m
[38;5;46m[04/06] initialize mailbox .......................... [38;5;118mOK[0m
[38;5;82m[05/06] open local routes ........................... [38;5;118mOK[0m
[38;5;118m[06/06] commit ...................................... [1mDONE[0m
[38;5;46m┌──────────────────────────────────────────────────────────────────┐[0m
[38;5;82m│                     [1mA C C E S S   G R A N T E D[0m[38;5;82m                 │[0m
[38;5;46m│            identity online // welcome to the mesh              │[0m
[38;5;34m└──────────────────────────────────────────────────────────────────┘[0m
[38;5;22mnewcaller@netbbs:~$ [38;5;118m█[0m
