[38;2;255;65;87m                          ╭────────╮[0m
[38;2;255;85;70m                    ╭─────┤   ✦    ├─────╮[0m
[38;2;255;116;55m                ╭───┤     ╰──┬───╯     ├───╮[0m
[38;2;255;159;56m              ╭─┤   ╰────────┼─────────╯   ├─╮[0m
[38;2;255;204;70m              │ │       [1mIDENTITY IGNITION[0m[38;2;255;204;70m       │ │[0m
[38;2;255;235;116m         ─────┤ │            [1mONLINE[0m[38;2;255;235;116m            │ ├─────[0m
[38;2;255;194;65m              │ │   callsign bound · keys ready   │ │[0m
[38;2;255;143;56m              ╰─┤   mesh route opening now        ├─╯[0m
[38;2;255;100;65m                ╰───┤                  ├───╯[0m
[38;2;242;69;92m                    ╰──────◇───────╯[0m
[38;2;212;56;126m                  Welcome, bright new signal.[0m
[38;2;157;55;158m             The carrier mesh has another star.[0m
