[38;2;245;170;255m         ◇             [1mP A S T E L   A R R I V A L[0m[38;2;245;170;255m             ◇[0m
[38;2;210;170;255m                  ╭────────────────────╮[0m
[38;2;164;194;255m             ╭────┤   ACCOUNT CREATED  ├────╮[0m
[38;2;126;220;255m             │    ╰─────────┬──────────╯    │[0m
[38;2;135;239;222m        ┌────┴────┐         │         ┌────┴────┐[0m
[38;2;255;225;161m        │    ╱╲   │      ▄████▄      │   ╱╲    │[0m
[38;2;255;193;170m        │   ╱  ╲  │   ▄██████████▄   │  ╱  ╲   │[0m
[38;2;241;161;207m        │  ╱    ╲ │   ▀▀▀▀▀▀▀▀▀▀▀▀   │ ╱    ╲  │[0m
[38;2;196;144;232m        └─────────┴───────────────────┴─────────┘[0m
[38;2;152;151;229m        ░ ▒ ░ ▒ ░ ▒ ░ ▒ ░ ▒ ░ ▒ ░ ▒ ░ ▒ ░ ▒ ░[0m
[38;2;116;185;226m                  You belong to the dream now.[0m
[38;2;102;143;203m                 Step inside and make it yours.[0m
