[38;5;159m    **** COMMODORE NETBBS MESSAGE BASE V5 ****[0m
[38;5;153m 64K RAM SYSTEM  38911 BASIC BYTES FREE[0m
[38;5;159mREADY.[0m
[38;5;153mLOAD[38;5;231m"$BOARDS"[38;5;153m,8[0m
[38;5;159m01 GENERAL   07 SYSOP   12 ARTSCENE   24 LINK   31 LOCAL[0m
[38;5;231mREADY.  [38;5;159mPRESS A NUMBER TO OPEN A MESSAGE BASE[0m
