[38;2;255;54;116m┏━[ [1mMESSAGE CITY // NIGHT EDITION[0m[38;2;255;54;116m ]━━━━━━━━━━━━━━━━━━━━━━━━━━━━━━━━━━━━━━┓[0m
[38;2;255;91;76m┃      ▄█▄       ▄██▄       [38;2;255;190;72m▄█▄   ▄▄       ▄███▄      ▄█▄          ┃[0m
[38;2;255;124;62m┃  ▄█▄ ███ ▄██▄  ████  ▄█▄  ███ ▄██▄  █████  ▄█▄ ███ ▄██▄      ┃[0m
[38;2;255;183;67m┃  [1m01 ARCADE[0m[38;2;255;183;67m  │  07 TECH  │  12 ART  │  24 LOCAL  │  31 LINKED       ┃[0m
[38;2;255;87;103m┗━━━━━━━┯━━━━━━━━━━┯━━━━━━━━━━┯━━━━━━━━━━━━┯━━━━━━━━━━━━━━━━━━━━━━┛[0m
[38;2;255;216;111m        NEW POSTS GLOW ABOVE THE SKYLINE  //  SELECT A DISTRICT[0m
