[0;36m╔══════════════════════════════════════════════════════════════════════════════╗[0m
[0;36m║ [0;1;33m{title 40}                                                          [0;36m{time 5} [0;36m║[0m
[0;36m║ [0;36mEvery board on one page of the ledger                                        [0;36m║[0m
[0;36m╠══════════════════════════════════════════════════════════════════════════════╣[0m
[0;36m║ [0;37m{list 74x12}                                                                 [0;36m║[0m
[0;36m║[0;37m                                                                              [0;36m║[0m
[0;36m║[0;37m                                                                              [0;36m║[0m
[0;36m║[0;37m                                                                              [0;36m║[0m
[0;36m║[0;37m                                                                              [0;36m║[0m
[0;36m║[0;37m                                                                              [0;36m║[0m
[0;36m║[0;37m                                                                              [0;36m║[0m
[0;36m║[0;37m                                                                              [0;36m║[0m
[0;36m║[0;37m                                                                              [0;36m║[0m
[0;36m║[0;37m                                                                              [0;36m║[0m
[0;36m║[0;37m                                                                              [0;36m║[0m
[0;36m║[0;37m                                                                              [0;36m║[0m
[0;36m╠══════════════════════════════════════════════════════════════════════════════╣[0m
[0;36m║ [0;36m{user 20}              [0;37mpage {page 6}  {count 5} entries                      [0;36m║[0m
[0;36m╚══════════════════════════════════════════════════════════════════════════════╝[0m
