[38;2;147;98;255m          ✦              ·           ✧              ✦[0m
[38;2;128;90;248m        ╭──────────────────────────────────────────────╮[0m
[38;2;106;105;239m     ✧  │          [1mA U R O R A   I D E N T I T Y   G A T E[0m[38;2;106;105;239m        │  ✧[0m
[38;2;78;153;225m        │                                              │[0m
[38;2;67;210;204m        │            ╭───────╮   ╭───────╮             │[0m
[38;2;67;239;181m        │  callsign ──┤   1   ├───┤   2   ├── identity  │[0m
[38;2;104;248;158m        │            ╰───┬───╯   ╰───┬───╯             │[0m
[38;2;174;243;141m        │                ╰─────◇─────╯                 │[0m
[38;2;226;224;131m        │                      3                       │[0m
[38;2;95;236;190m        │               join the living mesh           │[0m
[38;2;70;200;196m        ╰──────────────────────┬───────────────────────╯[0m
[38;2;86;145;220m                               │[0m
[38;2;164;111;250m                 The constellation needs a name.[0m
[38;2;112;78;209m          ·              press on when ready              ·[0m
