[38;5;159m    **** COMMODORE NETBBS NEW USER SYSTEM ****[0m
[38;5;153m 64K RAM SYSTEM  38911 BASIC BYTES FREE[0m
[38;5;159mREADY.[0m
[38;5;153mLOAD[38;5;231m"$NEWUSER"[38;5;153m,8[0m
[38;5;159mSEARCHING FOR $NEWUSER[0m
[38;5;159mLOADING[0m
[38;5;153mREADY.[0m
[38;5;159mRUN[0m
[38;5;231m? NEW IDENTITY GENERATOR V5[0m
[38;5;153m10 INPUT "CALLSIGN"; N$[0m
[38;5;153m20 INPUT "PASSWORD"; P$[0m
[38;5;153m30 PRINT "WELCOME TO THE MESH, "; N$[0m
[38;5;231mPRESS RETURN TO RUN  █[0m
