[38;2;150;104;255m        ✦            [38;2;81;255;196m● lobby[38;2;150;104;255m             ✧           [38;2;81;255;196m● mesh[0m
[38;2;126;83;241m          ╲          ╱    ╲                         ╱[0m
[38;2;105;107;246m    ● quiet ───── [1mCONVERSATION CONSTELLATIONS[0m[38;2;105;107;246m ───── ● local[0m
[38;2;76;200;205m          ╱          ╲    ╱                         ╲[0m
[38;2;68;242;177m        ✧            ● night             ✦           ● help[0m
[38;2;42;137;151m                 orbit a room · voices are live[0m
