[0;35m╔══════════════════════════════════════════════════════════════════════════════╗[0m
[0;35m║ [0;1;35m{title 40}                                                          [0;35m{time 5} [0;35m║[0m
[0;35m║ [0;35mPull up a chair: who is talking where                                        [0;35m║[0m
[0;35m╠══════════════════════════════════════════════════════════════════════════════╣[0m
[0;35m║ [0;37m{list 74x12}                                                                 [0;35m║[0m
[0;35m║[0;37m                                                                              [0;35m║[0m
[0;35m║[0;37m                                                                              [0;35m║[0m
[0;35m║[0;37m                                                                              [0;35m║[0m
[0;35m║[0;37m                                                                              [0;35m║[0m
[0;35m║[0;37m                                                                              [0;35m║[0m
[0;35m║[0;37m                                                                              [0;35m║[0m
[0;35m║[0;37m                                                                              [0;35m║[0m
[0;35m║[0;37m                                                                              [0;35m║[0m
[0;35m║[0;37m                                                                              [0;35m║[0m
[0;35m║[0;37m                                                                              [0;35m║[0m
[0;35m║[0;37m                                                                              [0;35m║[0m
[0;35m╠══════════════════════════════════════════════════════════════════════════════╣[0m
[0;35m║ [0;35m{user 20}              [0;37mpage {page 6}  {count 14}                             [0;35m║[0m
[0;35m╚══════════════════════════════════════════════════════════════════════════════╝[0m
