[38;2;246;180;255m        ╭──────── hi! ────────╮       [38;2;143;214;255m╭──── mesh? ────╮[0m
[38;2;239;155;234m   ╭────╯  DREAMWAVE LOUNGE  ╰──╮    [38;2;126;198;255m╰──────╮      ╭╯[0m
[38;2;255;190;181m   ╰╮  lobby  ◇  art  ◇  night  ╭╯  [38;2;160;232;232m╭───────╯ live ╰╮[0m
[38;2;255;210;157m    ╰──────────────╮  ╭────────╯    [38;2;184;167;255m╰───────────────╯[0m
[38;2;180;157;246m  ░ ▒ ░ ▒ ░ ▒ ░ ▒ ╰──╯ ▒ ░ ▒ ░ ▒ ░ ▒ ░ ▒ ░ ▒ ░ ▒[0m
[38;2;126;180;229m             choose a bubble · drift into conversation[0m
