[38;5;159m0 [38;5;153m"NETBBS FILE VAULT" NB 5A[0m
[38;5;159m    "TEXTFILES"         PRG        "ARTSCENE"          PRG[0m
[38;5;153m    "DOORS"             PRG        "UTILITIES"         PRG[0m
[38;5;159m    "NETBSD"            SEQ        "LINK-DROPS"        REL[0m
[38;5;153mDIRECTORY READY.[0m
[38;5;231mREADY.  [38;5;159mLOAD [38;5;231m"*",8,1[38;5;159m  OR SELECT A DIRECTORY[0m
