[38;2;26;93;163m                    ·       [38;2;50;232;210m◉[38;2;26;93;163m       ·[0m
[38;2;22;115;180m        ~ ~ ~ ~ ~ ~ ~ ~ ~ ~ ~ ~ ~ ~ ~ ~ ~ ~ ~[0m
[38;2;42;213;205m     ___/___       [1mA B Y S S A L   A R C H I V E[0m[38;2;42;213;205m       ◇[0m
[38;2;30;162;183m ___/_______\___   [01 AUDIO] [02 TEXT] [03 BINARY]  [38;2;83;255;218m◉[0m
[38;2;21;104;157m \_____________/       sonar lock: 47 collections[0m
[38;2;12;61;111m~~~~~~\_______/~~~~~~~~~~~~~~~~~~~~~~~~~~~~~~~~~~~~~~~~~~~~~~~~~~~~[0m
