[38;2;197;250;255m             ◇                 [38;2;82;224;255m❄[38;2;197;250;255m                 ◇[0m
[38;2;129;236;255m          ╱╲ ╱ ╲        [1mCRYSTAL DATA VAULT[0m[38;2;129;236;255m        ╱ ╲ ╱╲[0m
[38;2;67;204;242m     ◇   ╱  ╳   ╲   ────────┬────────   ╱   ╳  ╲   ◇[0m
[38;2;46;164;220m        ╱_╱   ╲_╲   FILES  ARCHIVES  TRANSFERS   ╱_╱ ╲_╲[0m
[38;2;87;228;255m     ❄      [ 12 ]      [ 08 ]      [ 03 ]       ❄[0m
[38;2;29;105;173m────────────── choose a facet · open the frozen index ──────────────[0m
